// Jest Snapshot v1, https://goo.gl/fbAQLP

exports[`It should render pug correctly 1`] = `"<!DOCTYPE html><html lang=\\"en-US\\"><head><title>Pug</title><meta charset=\\"utf-8\\"><meta name=\\"description\\"><meta name=\\"viewport\\" content=\\"width=device-width, initial-scale=1\\"></head><body><h1>Pug</h1><p>Pug is great</p></body></html>"`;
